Resolving dependencies...
Downloading packages...
  _flutterfire_internals 1.3.35 (1.3.69 available)
  archive 3.6.1 (4.0.9 available)
  async 2.13.0 (2.13.1 available)
  cloud_firestore 4.17.5 (6.3.0 available)
  cloud_firestore_platform_interface 6.2.5 (7.2.0 available)
  cloud_firestore_web 3.12.5 (5.3.0 available)
  cross_file 0.3.4+2 (0.3.5+2 available)
  crypto 3.0.6 (3.0.7 available)
  cupertino_icons 1.0.8 (1.0.9 available)
  equatable 2.0.7 (2.0.8 available)
  excel 2.1.0 (4.0.6 available)
  ffi 2.1.4 (2.2.0 available)
  file_picker 8.0.7 (11.0.2 available)
  firebase_auth 4.20.0 (6.4.0 available)
  firebase_auth_platform_interface 7.3.0 (8.1.9 available)
  firebase_auth_web 5.12.0 (6.1.5 available)
  firebase_core 2.32.0 (4.7.0 available)
  firebase_core_platform_interface 5.4.0 (6.0.3 available)
  firebase_core_web 2.17.5 (3.6.0 available)
  firebase_storage 11.7.7 (13.3.0 available)
  firebase_storage_platform_interface 5.1.22 (5.2.20 available)
  firebase_storage_web 3.9.7 (3.11.5 available)
  flutter_lints 5.0.0 (6.0.0 available)
  flutter_multi_formatter 2.13.7 (2.13.10 available)
  flutter_spinkit 5.2.1 (5.2.2 available)
  go_router 16.1.0 (17.2.3 available)
  google_fonts 6.3.3 (8.1.0 available)
  http 1.4.0 (1.6.0 available)
  image 4.3.0 (4.8.0 available)
  leak_tracker 11.0.1 (11.0.2 available)
  lints 5.1.1 (6.1.0 available)
  matcher 0.12.19 (0.12.20 available)
  meta 1.17.0 (1.18.2 available)
  mime 1.0.6 (2.0.0 available)
  path_provider_android 2.2.17 (2.3.1 available)
  path_provider_foundation 2.4.1 (2.6.0 available)
  pdf 3.11.3 (3.12.0 available)
  petitparser 7.0.1 (7.0.2 available)
  share_plus 7.2.2 (13.1.0 available)
  share_plus_platform_interface 3.4.0 (7.1.0 available)
  source_span 1.10.1 (1.10.2 available)
  test_api 0.7.10 (0.7.12 available)
  url_launcher_linux 3.2.1 (3.2.2 available)
  url_launcher_web 2.4.1 (2.4.3 available)
  url_launcher_windows 3.1.4 (3.1.5 available)
  uuid 4.5.1 (4.5.3 available)
  vector_math 2.2.0 (2.3.0 available)
  vm_service 15.0.0 (15.2.0 available)
  web 0.5.1 (1.1.1 available)
  win32 5.14.0 (6.2.0 available)
  xml 6.6.1 (7.0.1 available)
Got dependencies!
51 packages have newer versions incompatible with dependency constraints.
Try `flutter pub outdated` for more information.
00:00 +0: loading C:/Users/ryann/Projetos/Flutter/decimus/test/widget_test.dart
00:00 +0: (setUpAll)
00:00 +0: Tela de login renderiza elementos principais
══╡ EXCEPTION CAUGHT BY FLUTTER TEST FRAMEWORK ╞════════════════════════════════════════════════════
The following TestFailure was thrown running a test:
Expected: exactly one matching candidate
  Actual: _TextWidgetFinder:<Found 0 widgets with text "Decimus App": []>
   Which: means none were found but one was expected

When the exception was thrown, this was the stack:
#4      main.<anonymous closure> (file:///C:/Users/ryann/Projetos/Flutter/decimus/test/widget_test.dart:20:5)
<asynchronous suspension>
#5      testWidgets.<anonymous closure>.<anonymous closure> (package:flutter_test/src/widget_tester.dart:192:15)
<asynchronous suspension>
#6      TestWidgetsFlutterBinding._runTestBody (package:flutter_test/src/binding.dart:1682:5)
<asynchronous suspension>
<asynchronous suspension>
(elided one frame from package:stack_trace)

This was caught by the test expectation on the following line:
  file:///C:/Users/ryann/Projetos/Flutter/decimus/test/widget_test.dart line 20
The test description was:
  Tela de login renderiza elementos principais
════════════════════════════════════════════════════════════════════════════════════════════════════
00:01 +0 -1: Tela de login renderiza elementos principais [E]
  Test failed. See exception logs above.
  The test description was: Tela de login renderiza elementos principais
  
00:01 +0 -1: (tearDownAll)
00:01 +0 -1: Some tests failed.
